../Core/Src/main.c:56:5:main	160	static
../Core/Src/main.c:186:6:clock_config	24	static
../Core/Src/main.c:243:6:pwm_config	4	static
../Core/Src/main.c:298:6:motors_config	8	static
../Core/Src/main.c:312:6:motors_set_speed	16	static
../Core/Src/main.c:346:6:motors_en	4	static
../Core/Src/main.c:352:6:motors_dis	4	static
../Core/Src/main.c:358:6:led_config	4	static
../Core/Src/main.c:366:6:led_on	4	static
../Core/Src/main.c:371:6:led_off	4	static
../Core/Src/main.c:376:6:led_toggle	4	static
../Core/Src/main.c:381:6:encoder_config	4	static
../Core/Src/main.c:411:6:refresh_tim_config	4	static
../Core/Src/main.c:424:9:imu_config	24	static
../Core/Src/main.c:461:9:imu_test	8	static
../Core/Src/main.c:467:6:imu_read_euler	32	static
../Core/Src/main.c:477:6:convert_euler	24	static
../Core/Src/main.c:484:7:imu_calibrate	56	static
../Core/Src/main.c:504:7:constrain	24	static
../Core/Src/main.c:515:10:map	32	static
