../Core/Src/main.c:53:5:main	152	static
../Core/Src/main.c:129:6:clock_config	24	static
../Core/Src/main.c:187:6:i2c1_config	8	static
../Core/Src/main.c:244:6:i2c1_sw_rst	4	static
../Core/Src/main.c:252:6:i2c1_writebyte	16	static
../Core/Src/main.c:269:9:i2c1_readbyte	16	static
../Core/Src/main.c:293:6:i2c1_readburst	24	static
../Core/Src/main.c:333:6:i2c1_start	4	static
../Core/Src/main.c:339:6:i2c1_request_stop	4	static
../Core/Src/main.c:344:6:i2c1_ack	4	static
../Core/Src/main.c:349:6:i2c1_nack	4	static
../Core/Src/main.c:355:6:i2c1_release	24	static,ignoring_inline_asm
../Core/Src/main.c:384:6:uart1_config	24	static
../Core/Src/main.c:423:6:uart1_writebyte	16	static
../Core/Src/main.c:431:6:uart1_writeint	24	static
../Core/Src/main.c:444:6:uart1_writestr	24	static
../Core/Src/main.c:452:6:tim2_config	4	static
../Core/Src/main.c:497:9:imu_config	24	static
../Core/Src/main.c:536:9:imu_test	16	static
../Core/Src/main.c:546:6:imu_read_euler	32	static
../Core/Src/main.c:558:6:convert_euler	24	static
