../Core/Src/main.c:40:5:main	16	static
../Core/Src/main.c:63:6:clock_config	24	static
../Core/Src/main.c:120:6:i2c1_config	8	static
../Core/Src/main.c:176:6:i2c1_sw_rst	4	static
../Core/Src/main.c:183:9:i2c1_test	16	static
../Core/Src/main.c:210:6:i2c_start	4	static
../Core/Src/main.c:216:6:i2c_request_stop	4	static
../Core/Src/main.c:221:6:i2c_ack	4	static
../Core/Src/main.c:226:6:i2c_nack	4	static
../Core/Src/main.c:232:6:i2c1_release	24	static,ignoring_inline_asm
../Core/Src/main.c:261:6:uart1_config	4	static
../Core/Src/main.c:298:6:uart_send	16	static
